Run dir: /kaggle/working/qata_lvit_runs
Created at: 2026-04-08T17:19:18
label_percent=50.0
pseudo_enabled=True
epi_beta=0.01
Epoch 061 loss=0.1020 sup_loss=0.1005 lv_loss=0.0015 dice=0.8596 iou=0.7708
Epoch 062 loss=0.1051 sup_loss=0.1035 lv_loss=0.0016 dice=0.8721 iou=0.7885
Epoch 063 loss=0.1058 sup_loss=0.1041 lv_loss=0.0017 dice=0.8790 iou=0.7991
Epoch 064 loss=0.0995 sup_loss=0.0982 lv_loss=0.0013 dice=0.8756 iou=0.7942
Epoch 065 loss=0.0963 sup_loss=0.0952 lv_loss=0.0011 dice=0.8747 iou=0.7933
Epoch 066 loss=0.0930 sup_loss=0.0919 lv_loss=0.0011 dice=0.8875 iou=0.8129
Epoch 067 loss=0.0916 sup_loss=0.0905 lv_loss=0.0011 dice=0.8704 iou=0.7887
Epoch 068 loss=0.0885 sup_loss=0.0875 lv_loss=0.0010 dice=0.8920 iou=0.8152
Epoch 069 loss=0.0875 sup_loss=0.0865 lv_loss=0.0010 dice=0.8953 iou=0.8202
Epoch 070 loss=0.0862 sup_loss=0.0853 lv_loss=0.0010 dice=0.9033 iou=0.8310
Epoch 071 loss=0.0846 sup_loss=0.0836 lv_loss=0.0009 dice=0.9048 iou=0.8354
Epoch 072 loss=0.0815 sup_loss=0.0807 lv_loss=0.0008 dice=0.8871 iou=0.8098
Epoch 073 loss=0.0806 sup_loss=0.0797 lv_loss=0.0008 dice=0.9149 iou=0.8515
Epoch 074 loss=0.0787 sup_loss=0.0780 lv_loss=0.0008 dice=0.8973 iou=0.8227
Epoch 075 loss=0.0773 sup_loss=0.0765 lv_loss=0.0007 dice=0.8940 iou=0.8208
Epoch 076 loss=0.0768 sup_loss=0.0761 lv_loss=0.0008 dice=0.8992 iou=0.8257
Epoch 077 loss=0.0759 sup_loss=0.0751 lv_loss=0.0007 dice=0.9086 iou=0.8411
Epoch 078 loss=0.0741 sup_loss=0.0733 lv_loss=0.0007 dice=0.9084 iou=0.8436
Epoch 079 loss=0.0729 sup_loss=0.0722 lv_loss=0.0007 dice=0.9104 iou=0.8430
Epoch 080 loss=0.0720 sup_loss=0.0714 lv_loss=0.0006 dice=0.9165 iou=0.8519
Epoch 081 loss=0.0713 sup_loss=0.0707 lv_loss=0.0006 dice=0.8981 iou=0.8269
Epoch 082 loss=0.0701 sup_loss=0.0695 lv_loss=0.0006 dice=0.9159 iou=0.8517
Epoch 083 loss=0.0694 sup_loss=0.0689 lv_loss=0.0006 dice=0.9226 iou=0.8618
Epoch 084 loss=0.0689 sup_loss=0.0683 lv_loss=0.0006 dice=0.9152 iou=0.8505
Epoch 085 loss=0.0679 sup_loss=0.0674 lv_loss=0.0006 dice=0.9125 iou=0.8476
Epoch 086 loss=0.0669 sup_loss=0.0664 lv_loss=0.0005 dice=0.9131 iou=0.8463
Epoch 087 loss=0.0669 sup_loss=0.0664 lv_loss=0.0005 dice=0.9286 iou=0.8704
Epoch 088 loss=0.0661 sup_loss=0.0656 lv_loss=0.0005 dice=0.9061 iou=0.8381
Epoch 089 loss=0.0663 sup_loss=0.0657 lv_loss=0.0005 dice=0.9247 iou=0.8666
Epoch 090 loss=0.0644 sup_loss=0.0639 lv_loss=0.0005 dice=0.9242 iou=0.8644
Epoch 091 loss=0.0650 sup_loss=0.0645 lv_loss=0.0005 dice=0.9290 iou=0.8719
Epoch 092 loss=0.0646 sup_loss=0.0642 lv_loss=0.0004 dice=0.9206 iou=0.8589
Epoch 093 loss=0.0641 sup_loss=0.0637 lv_loss=0.0004 dice=0.9213 iou=0.8595
Epoch 094 loss=0.0641 sup_loss=0.0636 lv_loss=0.0004 dice=0.9161 iou=0.8513
Epoch 095 loss=0.0639 sup_loss=0.0635 lv_loss=0.0004 dice=0.9260 iou=0.8662
Epoch 096 loss=0.0635 sup_loss=0.0631 lv_loss=0.0004 dice=0.9095 iou=0.8421
Epoch 097 loss=0.0635 sup_loss=0.0631 lv_loss=0.0004 dice=0.9216 iou=0.8615
Epoch 098 loss=0.0624 sup_loss=0.0620 lv_loss=0.0004 dice=0.9276 iou=0.8688
Epoch 099 loss=0.0628 sup_loss=0.0624 lv_loss=0.0004 dice=0.9176 iou=0.8550
Epoch 100 loss=0.0638 sup_loss=0.0633 lv_loss=0.0004 dice=0.9317 iou=0.8758