Run dir: /kaggle/working/qata_lvit_runs
Created at: 2026-04-12T16:00:18
label_percent=50.0
pseudo_enabled=True
epi_beta=0.01
eval_subset_val=136
eval_subset_test=136
Epoch 001 loss=0.8967 sup_loss=0.8967 lv_loss=0.0000 dice=0.1162 iou=0.0682
Epoch 002 loss=0.7709 sup_loss=0.7709 lv_loss=0.0000 dice=0.1525 iou=0.0927
Epoch 003 loss=0.7083 sup_loss=0.7083 lv_loss=0.0000 dice=0.1972 iou=0.1283
Epoch 004 loss=0.6821 sup_loss=0.6821 lv_loss=0.0000 dice=0.2826 iou=0.1867
Epoch 005 loss=0.6577 sup_loss=0.6577 lv_loss=0.0000 dice=0.3682 iou=0.2510
Epoch 006 loss=0.6328 sup_loss=0.6328 lv_loss=0.0000 dice=0.4206 iou=0.2915
Epoch 007 loss=0.6078 sup_loss=0.6078 lv_loss=0.0000 dice=0.3821 iou=0.2745
Epoch 008 loss=0.5864 sup_loss=0.5864 lv_loss=0.0000 dice=0.4024 iou=0.2916
Epoch 009 loss=0.5550 sup_loss=0.5550 lv_loss=0.0000 dice=0.5767 iou=0.4435
Epoch 010 loss=0.5187 sup_loss=0.5187 lv_loss=0.0000 dice=0.6102 iou=0.4749
Epoch 011 loss=0.4870 sup_loss=0.4870 lv_loss=0.0000 dice=0.6063 iou=0.4631
Epoch 012 loss=0.4631 sup_loss=0.4631 lv_loss=0.0000 dice=0.6388 iou=0.4953
Epoch 013 loss=0.4194 sup_loss=0.4194 lv_loss=0.0000 dice=0.5206 iou=0.4110
Epoch 014 loss=0.3879 sup_loss=0.3879 lv_loss=0.0000 dice=0.6907 iou=0.5611
Epoch 015 loss=0.3539 sup_loss=0.3539 lv_loss=0.0000 dice=0.6165 iou=0.4846
Epoch 016 loss=0.3161 sup_loss=0.3161 lv_loss=0.0000 dice=0.5486 iou=0.4233
Epoch 017 loss=0.2753 sup_loss=0.2753 lv_loss=0.0000 dice=0.6765 iou=0.5599
Epoch 018 loss=0.2578 sup_loss=0.2578 lv_loss=0.0000 dice=0.5555 iou=0.4396
Epoch 019 loss=0.2428 sup_loss=0.2428 lv_loss=0.0000 dice=0.6851 iou=0.5590
Epoch 020 loss=0.2178 sup_loss=0.2178 lv_loss=0.0000 dice=0.6629 iou=0.5284
Epoch 021 loss=0.1994 sup_loss=0.1994 lv_loss=0.0000 dice=0.7312 iou=0.6092
Epoch 022 loss=0.1866 sup_loss=0.1866 lv_loss=0.0000 dice=0.6543 iou=0.5241
Epoch 023 loss=0.1797 sup_loss=0.1797 lv_loss=0.0000 dice=0.7161 iou=0.6009
Epoch 024 loss=0.1675 sup_loss=0.1675 lv_loss=0.0000 dice=0.6404 iou=0.5289
Epoch 025 loss=0.1581 sup_loss=0.1581 lv_loss=0.0000 dice=0.7425 iou=0.6246
Epoch 026 loss=0.1539 sup_loss=0.1537 lv_loss=0.0002 dice=0.6923 iou=0.5810
Epoch 027 loss=0.1524 sup_loss=0.1522 lv_loss=0.0002 dice=0.6475 iou=0.5380
Epoch 028 loss=0.1439 sup_loss=0.1434 lv_loss=0.0006 dice=0.5854 iou=0.4769
Epoch 029 loss=0.1455 sup_loss=0.1443 lv_loss=0.0012 dice=0.6276 iou=0.5113
Epoch 030 loss=0.1429 sup_loss=0.1406 lv_loss=0.0022 dice=0.7810 iou=0.6655
Epoch 031 loss=0.1519 sup_loss=0.1444 lv_loss=0.0075 dice=0.6912 iou=0.5749
Epoch 032 loss=0.1590 sup_loss=0.1450 lv_loss=0.0141 dice=0.7220 iou=0.6076
Epoch 033 loss=0.1458 sup_loss=0.1359 lv_loss=0.0099 dice=0.7142 iou=0.5862
Epoch 034 loss=0.1375 sup_loss=0.1286 lv_loss=0.0089 dice=0.7487 iou=0.6358
Epoch 035 loss=0.1377 sup_loss=0.1286 lv_loss=0.0090 dice=0.7550 iou=0.6399
Epoch 036 loss=0.1323 sup_loss=0.1240 lv_loss=0.0083 dice=0.7001 iou=0.5864
Epoch 037 loss=0.1306 sup_loss=0.1218 lv_loss=0.0088 dice=0.7590 iou=0.6526
Epoch 038 loss=0.1334 sup_loss=0.1261 lv_loss=0.0073 dice=0.6460 iou=0.5305
Epoch 039 loss=0.1235 sup_loss=0.1162 lv_loss=0.0074 dice=0.7630 iou=0.6494
Epoch 040 loss=0.1198 sup_loss=0.1125 lv_loss=0.0072 dice=0.7427 iou=0.6439
Epoch 041 loss=0.1189 sup_loss=0.1114 lv_loss=0.0076 dice=0.7201 iou=0.6115
Epoch 042 loss=0.1196 sup_loss=0.1105 lv_loss=0.0091 dice=0.7570 iou=0.6411
Epoch 043 loss=0.1156 sup_loss=0.1086 lv_loss=0.0070 dice=0.7743 iou=0.6552
Epoch 044 loss=0.1162 sup_loss=0.1090 lv_loss=0.0071 dice=0.7670 iou=0.6487
Epoch 045 loss=0.1147 sup_loss=0.1078 lv_loss=0.0069 dice=0.7852 iou=0.6764
Epoch 046 loss=0.1145 sup_loss=0.1086 lv_loss=0.0059 dice=0.7713 iou=0.6643
Epoch 047 loss=0.1105 sup_loss=0.1040 lv_loss=0.0065 dice=0.7289 iou=0.6293
Epoch 048 loss=0.1089 sup_loss=0.1028 lv_loss=0.0061 dice=0.8116 iou=0.6992
Epoch 049 loss=0.1104 sup_loss=0.1035 lv_loss=0.0069 dice=0.7682 iou=0.6633
Epoch 050 loss=0.1099 sup_loss=0.1038 lv_loss=0.0062 dice=0.8278 iou=0.7277
Epoch 051 loss=0.1065 sup_loss=0.1011 lv_loss=0.0053 dice=0.7524 iou=0.6671
Epoch 052 loss=0.1016 sup_loss=0.0961 lv_loss=0.0055 dice=0.8467 iou=0.7450
Epoch 053 loss=0.1011 sup_loss=0.0956 lv_loss=0.0055 dice=0.8003 iou=0.6890
Epoch 054 loss=0.0977 sup_loss=0.0936 lv_loss=0.0041 dice=0.8124 iou=0.7063
Epoch 055 loss=0.0970 sup_loss=0.0934 lv_loss=0.0035 dice=0.7870 iou=0.6825
Epoch 056 loss=0.1037 sup_loss=0.0983 lv_loss=0.0055 dice=0.7317 iou=0.6225
Epoch 057 loss=0.0954 sup_loss=0.0919 lv_loss=0.0035 dice=0.7797 iou=0.6703
Epoch 058 loss=0.0930 sup_loss=0.0906 lv_loss=0.0024 dice=0.8353 iou=0.7348
Epoch 059 loss=0.0928 sup_loss=0.0909 lv_loss=0.0018 dice=0.8143 iou=0.7058
Epoch 060 loss=0.0919 sup_loss=0.0902 lv_loss=0.0017 dice=0.7895 iou=0.6924
Epoch 061 loss=0.0911 sup_loss=0.0897 lv_loss=0.0014 dice=0.7982 iou=0.6921
Epoch 062 loss=0.0909 sup_loss=0.0886 lv_loss=0.0022 dice=0.7832 iou=0.6642
Epoch 063 loss=0.0891 sup_loss=0.0877 lv_loss=0.0015 dice=0.8067 iou=0.6986
Epoch 064 loss=0.0898 sup_loss=0.0887 lv_loss=0.0011 dice=0.7908 iou=0.6974
Epoch 065 loss=0.0855 sup_loss=0.0845 lv_loss=0.0010 dice=0.8238 iou=0.7304
Epoch 066 loss=0.0843 sup_loss=0.0832 lv_loss=0.0011 dice=0.8251 iou=0.7292
Epoch 067 loss=0.0825 sup_loss=0.0815 lv_loss=0.0010 dice=0.7888 iou=0.6873
Epoch 068 loss=0.0839 sup_loss=0.0829 lv_loss=0.0010 dice=0.8237 iou=0.7190
Epoch 069 loss=0.0824 sup_loss=0.0815 lv_loss=0.0009 dice=0.8302 iou=0.7319
Epoch 070 loss=0.0816 sup_loss=0.0807 lv_loss=0.0008 dice=0.8320 iou=0.7339
Epoch 071 loss=0.0811 sup_loss=0.0801 lv_loss=0.0011 dice=0.7764 iou=0.6891
Epoch 072 loss=0.0804 sup_loss=0.0797 lv_loss=0.0007 dice=0.8257 iou=0.7351
Epoch 073 loss=0.0876 sup_loss=0.0868 lv_loss=0.0008 dice=0.8015 iou=0.6865
Epoch 074 loss=0.0807 sup_loss=0.0799 lv_loss=0.0008 dice=0.7389 iou=0.6460
Epoch 075 loss=0.0790 sup_loss=0.0780 lv_loss=0.0009 dice=0.7689 iou=0.6791
Epoch 076 loss=0.0773 sup_loss=0.0765 lv_loss=0.0008 dice=0.8462 iou=0.7472
Epoch 077 loss=0.0761 sup_loss=0.0754 lv_loss=0.0007 dice=0.8332 iou=0.7323
Epoch 078 loss=0.0760 sup_loss=0.0754 lv_loss=0.0006 dice=0.8488 iou=0.7572
Epoch 079 loss=0.0745 sup_loss=0.0740 lv_loss=0.0005 dice=0.8214 iou=0.7213
Epoch 080 loss=0.0739 sup_loss=0.0734 lv_loss=0.0005 dice=0.8493 iou=0.7569
Epoch 081 loss=0.0742 sup_loss=0.0737 lv_loss=0.0005 dice=0.8218 iou=0.7217
Epoch 082 loss=0.0735 sup_loss=0.0730 lv_loss=0.0005 dice=0.8622 iou=0.7772
Epoch 083 loss=0.0735 sup_loss=0.0731 lv_loss=0.0004 dice=0.8375 iou=0.7368
Epoch 084 loss=0.0722 sup_loss=0.0717 lv_loss=0.0004 dice=0.8385 iou=0.7379
Epoch 085 loss=0.0732 sup_loss=0.0728 lv_loss=0.0004 dice=0.8479 iou=0.7525
Epoch 086 loss=0.0740 sup_loss=0.0736 lv_loss=0.0004 dice=0.8268 iou=0.7269
Epoch 087 loss=0.0714 sup_loss=0.0710 lv_loss=0.0004 dice=0.8701 iou=0.7828
Epoch 088 loss=0.0727 sup_loss=0.0723 lv_loss=0.0004 dice=0.8455 iou=0.7492
Epoch 089 loss=0.0719 sup_loss=0.0715 lv_loss=0.0004 dice=0.8556 iou=0.7599
Epoch 090 loss=0.0713 sup_loss=0.0709 lv_loss=0.0004 dice=0.8703 iou=0.7824
Epoch 091 loss=0.0727 sup_loss=0.0724 lv_loss=0.0003 dice=0.7855 iou=0.6958
Epoch 092 loss=0.0722 sup_loss=0.0718 lv_loss=0.0003 dice=0.8635 iou=0.7712
Epoch 093 loss=0.0718 sup_loss=0.0714 lv_loss=0.0004 dice=0.8606 iou=0.7737
Epoch 094 loss=0.0716 sup_loss=0.0712 lv_loss=0.0003 dice=0.7887 iou=0.7050
Epoch 095 loss=0.0717 sup_loss=0.0714 lv_loss=0.0003 dice=0.8491 iou=0.7473
Epoch 096 loss=0.0708 sup_loss=0.0704 lv_loss=0.0003 dice=0.8449 iou=0.7395
Epoch 097 loss=0.0717 sup_loss=0.0714 lv_loss=0.0003 dice=0.8480 iou=0.7546
Epoch 098 loss=0.0705 sup_loss=0.0701 lv_loss=0.0003 dice=0.8532 iou=0.7628
Epoch 099 loss=0.0710 sup_loss=0.0707 lv_loss=0.0003 dice=0.8274 iou=0.7304
Epoch 100 loss=0.0707 sup_loss=0.0704 lv_loss=0.0002 dice=0.8275 iou=0.7351