Run dir: /kaggle/working/mosmed_lvit_biomedbert_50pct_studentonly_losscleanup_croponly_nnunet_aug_light_runs
Created at: 2026-04-25T17:04:40
label_percent=50.0
pseudo_enabled=False
epi_beta=0.99
Epoch 001 loss=0.7794 sup_loss=0.7794 lv_loss=0.0000 dice=0.1662 iou=0.1062
Epoch 002 loss=0.6870 sup_loss=0.6870 lv_loss=0.0000 dice=0.2581 iou=0.1759
Epoch 003 loss=0.6490 sup_loss=0.6490 lv_loss=0.0000 dice=0.3701 iou=0.2664
Epoch 004 loss=0.6105 sup_loss=0.6105 lv_loss=0.0000 dice=0.4235 iou=0.3093
Epoch 005 loss=0.5816 sup_loss=0.5816 lv_loss=0.0000 dice=0.4148 iou=0.3001
Epoch 006 loss=0.5345 sup_loss=0.5345 lv_loss=0.0000 dice=0.4115 iou=0.2942
Epoch 007 loss=0.4960 sup_loss=0.4960 lv_loss=0.0000 dice=0.3888 iou=0.2751
Epoch 008 loss=0.4433 sup_loss=0.4433 lv_loss=0.0000 dice=0.5143 iou=0.3855
Epoch 009 loss=0.4107 sup_loss=0.4107 lv_loss=0.0000 dice=0.4644 iou=0.3428
Epoch 010 loss=0.3623 sup_loss=0.3623 lv_loss=0.0000 dice=0.5337 iou=0.4218
Epoch 011 loss=0.3202 sup_loss=0.3202 lv_loss=0.0000 dice=0.5085 iou=0.3852
Epoch 012 loss=0.2965 sup_loss=0.2965 lv_loss=0.0000 dice=0.5514 iou=0.4394
Epoch 013 loss=0.2721 sup_loss=0.2721 lv_loss=0.0000 dice=0.5867 iou=0.4419
Epoch 014 loss=0.2598 sup_loss=0.2598 lv_loss=0.0000 dice=0.6384 iou=0.4992
Epoch 015 loss=0.2437 sup_loss=0.2437 lv_loss=0.0000 dice=0.6696 iou=0.5401
Epoch 016 loss=0.2367 sup_loss=0.2367 lv_loss=0.0000 dice=0.6649 iou=0.5422
Epoch 017 loss=0.2259 sup_loss=0.2259 lv_loss=0.0000 dice=0.6645 iou=0.5404
Epoch 018 loss=0.2276 sup_loss=0.2276 lv_loss=0.0000 dice=0.6520 iou=0.5347
Epoch 019 loss=0.2179 sup_loss=0.2179 lv_loss=0.0000 dice=0.6984 iou=0.5772
Epoch 020 loss=0.2024 sup_loss=0.2024 lv_loss=0.0000 dice=0.7386 iou=0.6100
Epoch 021 loss=0.2034 sup_loss=0.2034 lv_loss=0.0000 dice=0.6531 iou=0.5172
Epoch 022 loss=0.2187 sup_loss=0.2187 lv_loss=0.0000 dice=0.7274 iou=0.5993
Epoch 023 loss=0.2263 sup_loss=0.2263 lv_loss=0.0000 dice=0.6990 iou=0.5611
Epoch 024 loss=0.2074 sup_loss=0.2074 lv_loss=0.0000 dice=0.7072 iou=0.5784
Epoch 025 loss=0.1985 sup_loss=0.1985 lv_loss=0.0000 dice=0.6856 iou=0.5629
Epoch 026 loss=0.1922 sup_loss=0.1922 lv_loss=0.0000 dice=0.7530 iou=0.6344
Epoch 027 loss=0.2097 sup_loss=0.2097 lv_loss=0.0000 dice=0.7454 iou=0.6199
Epoch 028 loss=0.1904 sup_loss=0.1904 lv_loss=0.0000 dice=0.7586 iou=0.6327
Epoch 029 loss=0.1961 sup_loss=0.1961 lv_loss=0.0000 dice=0.7929 iou=0.6747
Epoch 030 loss=0.1929 sup_loss=0.1929 lv_loss=0.0000 dice=0.6073 iou=0.4906
Epoch 031 loss=0.1868 sup_loss=0.1868 lv_loss=0.0000 dice=0.7427 iou=0.6193
Epoch 032 loss=0.1988 sup_loss=0.1988 lv_loss=0.0000 dice=0.6623 iou=0.5253
Epoch 033 loss=0.1977 sup_loss=0.1977 lv_loss=0.0000 dice=0.5857 iou=0.4581
Epoch 034 loss=0.1939 sup_loss=0.1939 lv_loss=0.0000 dice=0.6728 iou=0.5496
Epoch 035 loss=0.1876 sup_loss=0.1876 lv_loss=0.0000 dice=0.6982 iou=0.5653
Epoch 036 loss=0.1865 sup_loss=0.1865 lv_loss=0.0000 dice=0.6732 iou=0.5473
Epoch 037 loss=0.1898 sup_loss=0.1898 lv_loss=0.0000 dice=0.6757 iou=0.5626
Epoch 038 loss=0.1866 sup_loss=0.1866 lv_loss=0.0000 dice=0.7344 iou=0.6030
Epoch 039 loss=0.1800 sup_loss=0.1800 lv_loss=0.0000 dice=0.6817 iou=0.5520
Epoch 040 loss=0.1788 sup_loss=0.1788 lv_loss=0.0000 dice=0.7816 iou=0.6626
Epoch 041 loss=0.1832 sup_loss=0.1832 lv_loss=0.0000 dice=0.6941 iou=0.5621
Epoch 042 loss=0.1786 sup_loss=0.1786 lv_loss=0.0000 dice=0.6983 iou=0.5678
Epoch 043 loss=0.1844 sup_loss=0.1844 lv_loss=0.0000 dice=0.6275 iou=0.5131
Epoch 044 loss=0.1824 sup_loss=0.1824 lv_loss=0.0000 dice=0.6613 iou=0.5239
Epoch 045 loss=0.1782 sup_loss=0.1782 lv_loss=0.0000 dice=0.7272 iou=0.5908
Epoch 046 loss=0.1797 sup_loss=0.1797 lv_loss=0.0000 dice=0.6690 iou=0.5415
Epoch 047 loss=0.1698 sup_loss=0.1698 lv_loss=0.0000 dice=0.7802 iou=0.6566
Epoch 048 loss=0.1713 sup_loss=0.1713 lv_loss=0.0000 dice=0.6915 iou=0.5708
Epoch 049 loss=0.1703 sup_loss=0.1703 lv_loss=0.0000 dice=0.7462 iou=0.6231
Epoch 050 loss=0.1732 sup_loss=0.1732 lv_loss=0.0000 dice=0.7426 iou=0.6221
Epoch 051 loss=0.1651 sup_loss=0.1651 lv_loss=0.0000 dice=0.7421 iou=0.6191
Epoch 052 loss=0.1605 sup_loss=0.1605 lv_loss=0.0000 dice=0.7457 iou=0.6205
Epoch 053 loss=0.1612 sup_loss=0.1612 lv_loss=0.0000 dice=0.6914 iou=0.5621
Epoch 054 loss=0.1591 sup_loss=0.1591 lv_loss=0.0000 dice=0.8198 iou=0.7077
Epoch 055 loss=0.1620 sup_loss=0.1620 lv_loss=0.0000 dice=0.7309 iou=0.6054
Epoch 056 loss=0.1544 sup_loss=0.1544 lv_loss=0.0000 dice=0.7838 iou=0.6663
Epoch 057 loss=0.1521 sup_loss=0.1521 lv_loss=0.0000 dice=0.7784 iou=0.6681
Epoch 058 loss=0.1528 sup_loss=0.1528 lv_loss=0.0000 dice=0.7117 iou=0.6073
Epoch 059 loss=0.1559 sup_loss=0.1559 lv_loss=0.0000 dice=0.7412 iou=0.6107
Epoch 060 loss=0.1589 sup_loss=0.1589 lv_loss=0.0000 dice=0.7751 iou=0.6473
Epoch 061 loss=0.1560 sup_loss=0.1560 lv_loss=0.0000 dice=0.8041 iou=0.6920
Epoch 062 loss=0.1516 sup_loss=0.1516 lv_loss=0.0000 dice=0.7483 iou=0.6270
Epoch 063 loss=0.1531 sup_loss=0.1531 lv_loss=0.0000 dice=0.7186 iou=0.6044
Epoch 064 loss=0.1465 sup_loss=0.1465 lv_loss=0.0000 dice=0.7672 iou=0.6521
Epoch 065 loss=0.1509 sup_loss=0.1509 lv_loss=0.0000 dice=0.6876 iou=0.5601
Epoch 066 loss=0.1508 sup_loss=0.1508 lv_loss=0.0000 dice=0.8075 iou=0.6920
Epoch 067 loss=0.1531 sup_loss=0.1531 lv_loss=0.0000 dice=0.7397 iou=0.6094
Epoch 068 loss=0.1467 sup_loss=0.1467 lv_loss=0.0000 dice=0.7965 iou=0.6760
Epoch 069 loss=0.1465 sup_loss=0.1465 lv_loss=0.0000 dice=0.7579 iou=0.6353
Epoch 070 loss=0.1439 sup_loss=0.1439 lv_loss=0.0000 dice=0.7597 iou=0.6451
Epoch 071 loss=0.1399 sup_loss=0.1399 lv_loss=0.0000 dice=0.7879 iou=0.6793
Epoch 072 loss=0.1407 sup_loss=0.1407 lv_loss=0.0000 dice=0.7656 iou=0.6370
Epoch 073 loss=0.1388 sup_loss=0.1388 lv_loss=0.0000 dice=0.7984 iou=0.6839
Epoch 074 loss=0.1391 sup_loss=0.1391 lv_loss=0.0000 dice=0.7442 iou=0.6314
Epoch 075 loss=0.1394 sup_loss=0.1394 lv_loss=0.0000 dice=0.7408 iou=0.6376
Epoch 076 loss=0.1372 sup_loss=0.1372 lv_loss=0.0000 dice=0.7872 iou=0.6645
Epoch 077 loss=0.1377 sup_loss=0.1377 lv_loss=0.0000 dice=0.7595 iou=0.6321
Epoch 078 loss=0.1387 sup_loss=0.1387 lv_loss=0.0000 dice=0.8149 iou=0.6966
Epoch 079 loss=0.1387 sup_loss=0.1387 lv_loss=0.0000 dice=0.7751 iou=0.6580
Epoch 080 loss=0.1419 sup_loss=0.1419 lv_loss=0.0000 dice=0.7620 iou=0.6470
Epoch 081 loss=0.1376 sup_loss=0.1376 lv_loss=0.0000 dice=0.8205 iou=0.7083
Epoch 082 loss=0.1323 sup_loss=0.1323 lv_loss=0.0000 dice=0.8123 iou=0.6971
Epoch 083 loss=0.1364 sup_loss=0.1364 lv_loss=0.0000 dice=0.7863 iou=0.6711
Epoch 084 loss=0.1333 sup_loss=0.1333 lv_loss=0.0000 dice=0.8087 iou=0.6925
Epoch 085 loss=0.1309 sup_loss=0.1309 lv_loss=0.0000 dice=0.8033 iou=0.6857
Epoch 086 loss=0.1281 sup_loss=0.1281 lv_loss=0.0000 dice=0.8060 iou=0.6897
Epoch 087 loss=0.1292 sup_loss=0.1292 lv_loss=0.0000 dice=0.7869 iou=0.6771
Epoch 088 loss=0.1286 sup_loss=0.1286 lv_loss=0.0000 dice=0.7572 iou=0.6328
Epoch 089 loss=0.1259 sup_loss=0.1259 lv_loss=0.0000 dice=0.8384 iou=0.7395
Epoch 090 loss=0.1250 sup_loss=0.1250 lv_loss=0.0000 dice=0.8320 iou=0.7216
Epoch 091 loss=0.1264 sup_loss=0.1264 lv_loss=0.0000 dice=0.8229 iou=0.7128
Epoch 092 loss=0.1245 sup_loss=0.1245 lv_loss=0.0000 dice=0.8262 iou=0.7119
Epoch 093 loss=0.1240 sup_loss=0.1240 lv_loss=0.0000 dice=0.8279 iou=0.7190
Epoch 094 loss=0.1255 sup_loss=0.1255 lv_loss=0.0000 dice=0.7440 iou=0.6150
Epoch 095 loss=0.1244 sup_loss=0.1244 lv_loss=0.0000 dice=0.7751 iou=0.6481
Epoch 096 loss=0.1251 sup_loss=0.1251 lv_loss=0.0000 dice=0.7534 iou=0.6459
Epoch 097 loss=0.1226 sup_loss=0.1226 lv_loss=0.0000 dice=0.8015 iou=0.6806
Epoch 098 loss=0.1193 sup_loss=0.1193 lv_loss=0.0000 dice=0.8398 iou=0.7381
Epoch 099 loss=0.1207 sup_loss=0.1207 lv_loss=0.0000 dice=0.8366 iou=0.7272
Epoch 100 loss=0.1196 sup_loss=0.1196 lv_loss=0.0000 dice=0.8203 iou=0.7130
Epoch 101 loss=0.1197 sup_loss=0.1197 lv_loss=0.0000 dice=0.8066 iou=0.6847
Epoch 102 loss=0.1213 sup_loss=0.1213 lv_loss=0.0000 dice=0.7599 iou=0.6586
Epoch 103 loss=0.1183 sup_loss=0.1183 lv_loss=0.0000 dice=0.8432 iou=0.7375
Epoch 104 loss=0.1206 sup_loss=0.1206 lv_loss=0.0000 dice=0.8283 iou=0.7159
Epoch 105 loss=0.1169 sup_loss=0.1169 lv_loss=0.0000 dice=0.8488 iou=0.7499
Epoch 106 loss=0.1200 sup_loss=0.1200 lv_loss=0.0000 dice=0.8000 iou=0.6908
Epoch 107 loss=0.1191 sup_loss=0.1191 lv_loss=0.0000 dice=0.8198 iou=0.7064
Epoch 108 loss=0.1173 sup_loss=0.1173 lv_loss=0.0000 dice=0.8302 iou=0.7189
Epoch 109 loss=0.1151 sup_loss=0.1151 lv_loss=0.0000 dice=0.8556 iou=0.7585
Epoch 110 loss=0.1158 sup_loss=0.1158 lv_loss=0.0000 dice=0.8310 iou=0.7175
Epoch 111 loss=0.1167 sup_loss=0.1167 lv_loss=0.0000 dice=0.8148 iou=0.6984
Epoch 112 loss=0.1169 sup_loss=0.1169 lv_loss=0.0000 dice=0.8343 iou=0.7282
Epoch 113 loss=0.1132 sup_loss=0.1132 lv_loss=0.0000 dice=0.8449 iou=0.7405
Epoch 114 loss=0.1148 sup_loss=0.1148 lv_loss=0.0000 dice=0.8551 iou=0.7537
Epoch 115 loss=0.1157 sup_loss=0.1157 lv_loss=0.0000 dice=0.8263 iou=0.7137
Epoch 116 loss=0.1146 sup_loss=0.1146 lv_loss=0.0000 dice=0.8105 iou=0.6962
Epoch 117 loss=0.1157 sup_loss=0.1157 lv_loss=0.0000 dice=0.8195 iou=0.7065
Epoch 118 loss=0.1159 sup_loss=0.1159 lv_loss=0.0000 dice=0.8611 iou=0.7608
Epoch 119 loss=0.1149 sup_loss=0.1149 lv_loss=0.0000 dice=0.8263 iou=0.7170
Epoch 120 loss=0.1155 sup_loss=0.1155 lv_loss=0.0000 dice=0.8223 iou=0.7091